

================================================================
== Synthesis Summary Report of 'myproject'
================================================================
+ General Information: 
    * Date:           Thu Jun 22 09:34:22 2023
    * Version:        2023.1 (Build 3854077 on May  4 2023)
    * Project:        myproject_prj
    * Solution:       solution1 (Vivado IP Flow Target)
    * Product family: virtexuplus
    * Target device:  xcu250-figd2104-2L-e
    

+ Performance & Resource Estimates: 
    
    PS: '+' for module; 'o' for loop; '*' for dataflow
    +--------------------------------------------------------------------+------+------+---------+--------+----------+---------+------+----------+------+----------+-----------+------------+-----+
    |                               Modules                              | Issue|      | Latency | Latency| Iteration|         | Trip |          |      |          |           |            |     |
    |                               & Loops                              | Type | Slack| (cycles)|  (ns)  |  Latency | Interval| Count| Pipelined| BRAM |    DSP   |     FF    |     LUT    | URAM|
    +--------------------------------------------------------------------+------+------+---------+--------+----------+---------+------+----------+------+----------+-----------+------------+-----+
    |+ myproject                                                         |    II|  0.57|        4|  20.000|         -|        1|     -|       yes|     -|  33 (~0%)|  390 (~0%)|  1783 (~0%)|    -|
    | + dense_latency_ap_fixed_16_6_5_3_0_ap_fixed_16_6_5_3_0_config2_s  |     -|  1.65|        0|   0.000|         -|        1|     -|       yes|     -|   3 (~0%)|          -|    84 (~0%)|    -|
    | + relu_ap_fixed_16_6_5_3_0_ap_fixed_16_6_5_3_0_relu_config3_s      |    II|  3.29|        0|   0.000|         -|        1|     -|       yes|     -|         -|          -|   114 (~0%)|    -|
    | + dense_latency_ap_fixed_16_6_5_3_0_ap_fixed_16_6_5_3_0_config4_s  |     -|  1.65|        0|   0.000|         -|        1|     -|       yes|     -|   5 (~0%)|          -|   215 (~0%)|    -|
    | + relu_ap_fixed_16_6_5_3_0_ap_fixed_16_6_5_3_0_relu_config5_s      |    II|  3.29|        0|   0.000|         -|        1|     -|       yes|     -|         -|          -|   228 (~0%)|    -|
    | + dense_latency_ap_fixed_16_6_5_3_0_ap_fixed_16_6_5_3_0_config6_s  |     -|  1.65|        0|   0.000|         -|        1|     -|       yes|     -|   9 (~0%)|          -|   253 (~0%)|    -|
    | + relu_ap_fixed_16_6_5_3_0_ap_fixed_16_6_5_3_0_relu_config7_s      |    II|  3.29|        0|   0.000|         -|        1|     -|       yes|     -|         -|          -|   228 (~0%)|    -|
    | + dense_latency_ap_fixed_16_6_5_3_0_ap_fixed_16_6_5_3_0_config8_s  |     -|  0.97|        0|   0.000|         -|        1|     -|       yes|     -|  16 (~0%)|          -|   355 (~0%)|    -|
    | + relu_ap_fixed_16_6_5_3_0_ap_fixed_16_6_5_3_0_relu_config9_s      |    II|  3.29|        0|   0.000|         -|        1|     -|       yes|     -|         -|          -|   266 (~0%)|    -|
    +--------------------------------------------------------------------+------+------+---------+--------+----------+---------+------+----------+------+----------+-----------+------------+-----+


================================================================
== HW Interfaces
================================================================
* Other Ports
+------------------+--------+-----------+----------+
| Port             | Mode   | Direction | Bitwidth |
+------------------+--------+-----------+----------+
| dense_in_1_input | ap_vld | in        | 32       |
| layer9_out_0     | ap_vld | out       | 16       |
| layer9_out_1     | ap_vld | out       | 16       |
| layer9_out_2     | ap_vld | out       | 16       |
| layer9_out_3     | ap_vld | out       | 16       |
| layer9_out_4     | ap_vld | out       | 16       |
| layer9_out_5     | ap_vld | out       | 16       |
| layer9_out_6     | ap_vld | out       | 16       |
| layer9_out_7     | ap_vld | out       | 16       |
+------------------+--------+-----------+----------+

* TOP LEVEL CONTROL
+-----------+------------+-----------------------------------+
| Interface | Type       | Ports                             |
+-----------+------------+-----------------------------------+
| ap_clk    | clock      | ap_clk                            |
| ap_rst    | reset      | ap_rst                            |
| ap_ctrl   | ap_ctrl_hs | ap_done ap_idle ap_ready ap_start |
+-----------+------------+-----------------------------------+


================================================================
== SW I/O Information
================================================================
* Top Function Arguments
+------------------+-----------+--------------------------------------+
| Argument         | Direction | Datatype                             |
+------------------+-----------+--------------------------------------+
| dense_in_1_input | in        | ap_fixed<16, 6, AP_TRN, AP_WRAP, 0>* |
| layer9_out       | out       | ap_fixed<16, 6, AP_TRN, AP_WRAP, 0>* |
+------------------+-----------+--------------------------------------+

* SW-to-HW Mapping
+------------------+-------------------------+---------+
| Argument         | HW Interface            | HW Type |
+------------------+-------------------------+---------+
| dense_in_1_input | dense_in_1_input_ap_vld | port    |
| dense_in_1_input | dense_in_1_input        | port    |
| layer9_out       | layer9_out_0            | port    |
| layer9_out       | layer9_out_0_ap_vld     | port    |
| layer9_out       | layer9_out_1            | port    |
| layer9_out       | layer9_out_1_ap_vld     | port    |
| layer9_out       | layer9_out_2            | port    |
| layer9_out       | layer9_out_2_ap_vld     | port    |
| layer9_out       | layer9_out_3            | port    |
| layer9_out       | layer9_out_3_ap_vld     | port    |
| layer9_out       | layer9_out_4            | port    |
| layer9_out       | layer9_out_4_ap_vld     | port    |
| layer9_out       | layer9_out_5            | port    |
| layer9_out       | layer9_out_5_ap_vld     | port    |
| layer9_out       | layer9_out_6            | port    |
| layer9_out       | layer9_out_6_ap_vld     | port    |
| layer9_out       | layer9_out_7            | port    |
| layer9_out       | layer9_out_7_ap_vld     | port    |
+------------------+-------------------------+---------+


================================================================
== Bind Op Report
================================================================
+--------------------------------------------------------------------+-----+--------+-------------+-----+--------+---------+
| Name                                                               | DSP | Pragma | Variable    | Op  | Impl   | Latency |
+--------------------------------------------------------------------+-----+--------+-------------+-----+--------+---------+
| + myproject                                                        | 33  |        |             |     |        |         |
|  + dense_latency_ap_fixed_16_6_5_3_0_ap_fixed_16_6_5_3_0_config2_s | 3   |        |             |     |        |         |
|    mul_16s_11ns_26_1_1_U1                                          | 1   |        | mul_ln42    | mul | auto   | 0       |
|    mul_16s_11s_26_1_1_U2                                           | 1   |        | mul_ln42_21 | mul | auto   | 0       |
|    mul_16s_11ns_26_1_1_U3                                          | 1   |        | mul_ln42_22 | mul | auto   | 0       |
|    add_ln58_fu_179_p2                                              | -   |        | add_ln58    | add | fabric | 0       |
|    add_ln58_27_fu_185_p2                                           | -   |        | add_ln58_27 | add | fabric | 0       |
|    add_ln58_28_fu_191_p2                                           | -   |        | add_ln58_28 | add | fabric | 0       |
|  + dense_latency_ap_fixed_16_6_5_3_0_ap_fixed_16_6_5_3_0_config4_s | 5   |        |             |     |        |         |
|    mul_16s_10ns_26_1_1_U14                                         | 1   |        | mul_ln73    | mul | auto   | 0       |
|    mul_16s_11ns_26_1_1_U12                                         | 1   |        | mul_ln42    | mul | auto   | 0       |
|    mul_16s_11ns_26_1_1_U11                                         | 1   |        | mul_ln42_19 | mul | auto   | 0       |
|    mul_16s_10s_26_1_1_U13                                          | 1   |        | mul_ln73_4  | mul | auto   | 0       |
|    mul_16s_11s_26_1_1_U10                                          | 1   |        | mul_ln42_20 | mul | auto   | 0       |
|    add_ln58_fu_565_p2                                              | -   |        | add_ln58    | add | fabric | 0       |
|    add_ln58_22_fu_571_p2                                           | -   |        | add_ln58_22 | add | fabric | 0       |
|    add_ln58_23_fu_577_p2                                           | -   |        | add_ln58_23 | add | fabric | 0       |
|    add_ln58_24_fu_583_p2                                           | -   |        | add_ln58_24 | add | fabric | 0       |
|    add_ln58_25_fu_589_p2                                           | -   |        | add_ln58_25 | add | fabric | 0       |
|    add_ln58_26_fu_595_p2                                           | -   |        | add_ln58_26 | add | fabric | 0       |
|  + dense_latency_ap_fixed_16_6_5_3_0_ap_fixed_16_6_5_3_0_config6_s | 9   |        |             |     |        |         |
|    mul_16s_11ns_26_1_1_U29                                         | 1   |        | mul_ln42    | mul | auto   | 0       |
|    mul_16s_11s_26_1_1_U33                                          | 1   |        | mul_ln42_12 | mul | auto   | 0       |
|    mul_16s_11ns_26_1_1_U27                                         | 1   |        | mul_ln42_13 | mul | auto   | 0       |
|    mul_16s_11ns_26_1_1_U31                                         | 1   |        | mul_ln42_14 | mul | auto   | 0       |
|    mul_16s_10s_26_1_1_U32                                          | 1   |        | mul_ln73    | mul | auto   | 0       |
|    mul_16s_11s_26_1_1_U28                                          | 1   |        | mul_ln42_15 | mul | auto   | 0       |
|    mul_16s_11ns_26_1_1_U34                                         | 1   |        | mul_ln42_16 | mul | auto   | 0       |
|    mul_16s_11s_26_1_1_U26                                          | 1   |        | mul_ln42_17 | mul | auto   | 0       |
|    mul_16s_11ns_26_1_1_U30                                         | 1   |        | mul_ln42_18 | mul | auto   | 0       |
|    add_ln58_fu_933_p2                                              | -   |        | add_ln58    | add | fabric | 0       |
|    add_ln58_15_fu_939_p2                                           | -   |        | add_ln58_15 | add | fabric | 0       |
|    add_ln58_16_fu_945_p2                                           | -   |        | add_ln58_16 | add | fabric | 0       |
|    add_ln58_19_fu_963_p2                                           | -   |        | add_ln58_19 | add | fabric | 0       |
|  + dense_latency_ap_fixed_16_6_5_3_0_ap_fixed_16_6_5_3_0_config8_s | 16  |        |             |     |        |         |
|    mul_16s_10s_26_1_1_U48                                          | 1   |        | mul_ln73    | mul | auto   | 0       |
|    mul_16s_11ns_26_1_1_U52                                         | 1   |        | mul_ln42    | mul | auto   | 0       |
|    mul_16s_10ns_26_1_1_U62                                         | 1   |        | mul_ln73_1  | mul | auto   | 0       |
|    mul_16s_11ns_26_1_1_U55                                         | 1   |        | mul_ln42_1  | mul | auto   | 0       |
|    mul_16s_11s_26_1_1_U50                                          | 1   |        | mul_ln42_2  | mul | auto   | 0       |
|    mul_16s_11ns_26_1_1_U51                                         | 1   |        | mul_ln42_3  | mul | auto   | 0       |
|    mul_16s_10s_26_1_1_U53                                          | 1   |        | mul_ln73_2  | mul | auto   | 0       |
|    mul_16s_11s_26_1_1_U59                                          | 1   |        | mul_ln42_4  | mul | auto   | 0       |
|    mul_16s_11ns_26_1_1_U56                                         | 1   |        | mul_ln42_5  | mul | auto   | 0       |
|    mul_16s_11s_26_1_1_U49                                          | 1   |        | mul_ln42_6  | mul | auto   | 0       |
|    mul_16s_10s_26_1_1_U57                                          | 1   |        | mul_ln73_3  | mul | auto   | 0       |
|    mul_16s_11ns_26_1_1_U54                                         | 1   |        | mul_ln42_7  | mul | auto   | 0       |
|    mul_16s_11s_26_1_1_U58                                          | 1   |        | mul_ln42_8  | mul | auto   | 0       |
|    mul_16s_11s_26_1_1_U60                                          | 1   |        | mul_ln42_9  | mul | auto   | 0       |
|    mul_16s_11ns_26_1_1_U61                                         | 1   |        | mul_ln42_10 | mul | auto   | 0       |
|    mul_16s_11s_26_1_1_U47                                          | 1   |        | mul_ln42_11 | mul | auto   | 0       |
|    add_ln58_fu_1469_p2                                             | -   |        | add_ln58    | add | fabric | 0       |
|    add_ln58_1_fu_1475_p2                                           | -   |        | add_ln58_1  | add | fabric | 0       |
|    add_ln58_3_fu_1487_p2                                           | -   |        | add_ln58_3  | add | fabric | 0       |
|    add_ln58_8_fu_1517_p2                                           | -   |        | add_ln58_8  | add | fabric | 0       |
|    add_ln58_11_fu_1535_p2                                          | -   |        | add_ln58_11 | add | fabric | 0       |
+--------------------------------------------------------------------+-----+--------+-------------+-----+--------+---------+


================================================================
== Bind Storage Report
================================================================
  No bind storage info in design

================================================================
== Pragma Report
================================================================
* Ignored Pragmas
+-----------+----------+---------------------------------------------------------------+-------------------------------------------------+
| Type      | Options  | Location                                                      | Messages                                        |
+-----------+----------+---------------------------------------------------------------+-------------------------------------------------+
| data_pack | variable | firmware/nnet_utils/nnet_activation_stream.h:453 in hard_tanh | the pragma is not supported and will be ignored |
+-----------+----------+---------------------------------------------------------------+-------------------------------------------------+

* Valid Pragma Syntax
+----------------------+----------------------------------------------------------+---------------------------------------------------------------------------------------+
| Type                 | Options                                                  | Location                                                                              |
+----------------------+----------------------------------------------------------+---------------------------------------------------------------------------------------+
| array_reshape        | variable=dense_in_1_input complete dim=0                 | firmware/myproject.cpp:12 in myproject, dense_in_1_input                              |
| array_partition      | variable=layer9_out complete dim=0                       | firmware/myproject.cpp:13 in myproject, layer9_out                                    |
| interface            | ap_vld port=dense_in_1_input,layer9_out                  | firmware/myproject.cpp:14 in myproject, dense_in_1_input,layer9_out                   |
| pipeline             |                                                          | firmware/myproject.cpp:15 in myproject                                                |
| array_partition      | variable=layer2_out complete dim=0                       | firmware/myproject.cpp:40 in myproject, layer2_out                                    |
| array_partition      | variable=layer3_out complete dim=0                       | firmware/myproject.cpp:44 in myproject, layer3_out                                    |
| array_partition      | variable=layer4_out complete dim=0                       | firmware/myproject.cpp:48 in myproject, layer4_out                                    |
| array_partition      | variable=layer5_out complete dim=0                       | firmware/myproject.cpp:52 in myproject, layer5_out                                    |
| array_partition      | variable=layer6_out complete dim=0                       | firmware/myproject.cpp:56 in myproject, layer6_out                                    |
| array_partition      | variable=layer7_out complete dim=0                       | firmware/myproject.cpp:60 in myproject, layer7_out                                    |
| array_partition      | variable=layer8_out complete dim=0                       | firmware/myproject.cpp:64 in myproject, layer8_out                                    |
| pipeline             |                                                          | firmware/nnet_utils/nnet_activation.h:29 in linear                                    |
| pipeline             |                                                          | firmware/nnet_utils/nnet_activation.h:40 in relu                                      |
| pipeline             |                                                          | firmware/nnet_utils/nnet_activation.h:54 in relu_max                                  |
| pipeline             |                                                          | firmware/nnet_utils/nnet_activation.h:109 in sigmoid                                  |
| pipeline             |                                                          | firmware/nnet_utils/nnet_activation.h:171 in softmax_latency                          |
| array_partition      | variable=exp_res complete                                | firmware/nnet_utils/nnet_activation.h:193 in softmax_latency, exp_res                 |
| unroll               |                                                          | firmware/nnet_utils/nnet_activation.h:196 in softmax_latency                          |
| unroll               |                                                          | firmware/nnet_utils/nnet_activation.h:210 in softmax_latency                          |
| pipeline             |                                                          | firmware/nnet_utils/nnet_activation.h:217 in softmax_stable                           |
| unroll               |                                                          | firmware/nnet_utils/nnet_activation.h:244 in softmax_stable                           |
| array_partition      | variable=exp_res complete                                | firmware/nnet_utils/nnet_activation.h:250 in softmax_stable, exp_res                  |
| unroll               |                                                          | firmware/nnet_utils/nnet_activation.h:253 in softmax_stable                           |
| unroll               |                                                          | firmware/nnet_utils/nnet_activation.h:267 in softmax_stable                           |
| pipeline             |                                                          | firmware/nnet_utils/nnet_activation.h:315 in softmax_legacy                           |
| unroll               |                                                          | firmware/nnet_utils/nnet_activation.h:360 in softmax_argmax                           |
| pipeline             |                                                          | firmware/nnet_utils/nnet_activation.h:368 in softmax_argmax                           |
| inline               |                                                          | firmware/nnet_utils/nnet_activation.h:380 in softmax                                  |
| pipeline             |                                                          | firmware/nnet_utils/nnet_activation.h:427 in tanh                                     |
| pipeline             |                                                          | firmware/nnet_utils/nnet_activation.h:449 in hard_sigmoid                             |
| pipeline             |                                                          | firmware/nnet_utils/nnet_activation.h:464 in hard_tanh                                |
| pipeline             |                                                          | firmware/nnet_utils/nnet_activation.h:482 in leaky_relu                               |
| pipeline             |                                                          | firmware/nnet_utils/nnet_activation.h:499 in thresholded_relu                         |
| pipeline             |                                                          | firmware/nnet_utils/nnet_activation.h:544 in softplus                                 |
| pipeline             |                                                          | firmware/nnet_utils/nnet_activation.h:593 in softsign                                 |
| pipeline             |                                                          | firmware/nnet_utils/nnet_activation.h:642 in elu                                      |
| pipeline             |                                                          | firmware/nnet_utils/nnet_activation.h:698 in selu                                     |
| pipeline             |                                                          | firmware/nnet_utils/nnet_activation.h:721 in prelu                                    |
| pipeline             |                                                          | firmware/nnet_utils/nnet_activation.h:738 in binary_tanh                              |
| pipeline             |                                                          | firmware/nnet_utils/nnet_activation.h:758 in ternary_tanh                             |
| pipeline             |                                                          | firmware/nnet_utils/nnet_activation_stream.h:20 in linear                             |
| unroll               |                                                          | firmware/nnet_utils/nnet_activation_stream.h:28 in linear                             |
| pipeline             |                                                          | firmware/nnet_utils/nnet_activation_stream.h:42 in relu                               |
| unroll               |                                                          | firmware/nnet_utils/nnet_activation_stream.h:50 in relu                               |
| pipeline             |                                                          | firmware/nnet_utils/nnet_activation_stream.h:81 in sigmoid                            |
| unroll               |                                                          | firmware/nnet_utils/nnet_activation_stream.h:89 in sigmoid                            |
| array_partition      | variable=exp_res complete                                | firmware/nnet_utils/nnet_activation_stream.h:133 in softmax_latency, exp_res          |
| pipeline             | II=ii                                                    | firmware/nnet_utils/nnet_activation_stream.h:137 in softmax_latency                   |
| unroll               |                                                          | firmware/nnet_utils/nnet_activation_stream.h:142 in softmax_latency                   |
| unroll               |                                                          | firmware/nnet_utils/nnet_activation_stream.h:161 in softmax_latency                   |
| allocation           | operation instances=mul limit=multiplier_limit           | firmware/nnet_utils/nnet_activation_stream.h:162 in softmax_latency                   |
| array_partition      | variable=data_array complete                             | firmware/nnet_utils/nnet_activation_stream.h:194 in softmax_stable, data_array        |
| pipeline             | II=ii                                                    | firmware/nnet_utils/nnet_activation_stream.h:197 in softmax_stable                    |
| unroll               |                                                          | firmware/nnet_utils/nnet_activation_stream.h:202 in softmax_stable                    |
| unroll               |                                                          | firmware/nnet_utils/nnet_activation_stream.h:214 in softmax_stable                    |
| array_partition      | variable=exp_res complete                                | firmware/nnet_utils/nnet_activation_stream.h:220 in softmax_stable, exp_res           |
| unroll               |                                                          | firmware/nnet_utils/nnet_activation_stream.h:223 in softmax_stable                    |
| unroll               |                                                          | firmware/nnet_utils/nnet_activation_stream.h:242 in softmax_stable                    |
| allocation           | operation instances=mul limit=multiplier_limit           | firmware/nnet_utils/nnet_activation_stream.h:243 in softmax_stable                    |
| pipeline             |                                                          | firmware/nnet_utils/nnet_activation_stream.h:275 in softmax_legacy                    |
| unroll               |                                                          | firmware/nnet_utils/nnet_activation_stream.h:279 in softmax_legacy                    |
| unroll               |                                                          | firmware/nnet_utils/nnet_activation_stream.h:286 in softmax_legacy                    |
| unroll               |                                                          | firmware/nnet_utils/nnet_activation_stream.h:289 in softmax_legacy                    |
| unroll               |                                                          | firmware/nnet_utils/nnet_activation_stream.h:312 in softmax_legacy                    |
| pipeline             |                                                          | firmware/nnet_utils/nnet_activation_stream.h:329 in softmax_argmax                    |
| unroll               |                                                          | firmware/nnet_utils/nnet_activation_stream.h:334 in softmax_argmax                    |
| pipeline             |                                                          | firmware/nnet_utils/nnet_activation_stream.h:342 in softmax_argmax                    |
| pipeline             |                                                          | firmware/nnet_utils/nnet_activation_stream.h:393 in tanh                              |
| unroll               |                                                          | firmware/nnet_utils/nnet_activation_stream.h:401 in tanh                              |
| pipeline             |                                                          | firmware/nnet_utils/nnet_activation_stream.h:424 in hard_sigmoid                      |
| unroll               |                                                          | firmware/nnet_utils/nnet_activation_stream.h:432 in hard_sigmoid                      |
| pipeline             |                                                          | firmware/nnet_utils/nnet_activation_stream.h:449 in hard_tanh                         |
| unroll               |                                                          | firmware/nnet_utils/nnet_activation_stream.h:457 in hard_tanh                         |
| pipeline             |                                                          | firmware/nnet_utils/nnet_activation_stream.h:478 in leaky_relu                        |
| unroll               |                                                          | firmware/nnet_utils/nnet_activation_stream.h:486 in leaky_relu                        |
| pipeline             |                                                          | firmware/nnet_utils/nnet_activation_stream.h:504 in thresholded_relu                  |
| unroll               |                                                          | firmware/nnet_utils/nnet_activation_stream.h:512 in thresholded_relu                  |
| pipeline             |                                                          | firmware/nnet_utils/nnet_activation_stream.h:543 in softplus                          |
| unroll               |                                                          | firmware/nnet_utils/nnet_activation_stream.h:551 in softplus                          |
| pipeline             |                                                          | firmware/nnet_utils/nnet_activation_stream.h:584 in softsign                          |
| unroll               |                                                          | firmware/nnet_utils/nnet_activation_stream.h:592 in softsign                          |
| pipeline             |                                                          | firmware/nnet_utils/nnet_activation_stream.h:625 in elu                               |
| unroll               |                                                          | firmware/nnet_utils/nnet_activation_stream.h:633 in elu                               |
| pipeline             |                                                          | firmware/nnet_utils/nnet_activation_stream.h:673 in selu                              |
| unroll               |                                                          | firmware/nnet_utils/nnet_activation_stream.h:681 in selu                              |
| pipeline             |                                                          | firmware/nnet_utils/nnet_activation_stream.h:705 in prelu                             |
| unroll               |                                                          | firmware/nnet_utils/nnet_activation_stream.h:713 in prelu                             |
| pipeline             |                                                          | firmware/nnet_utils/nnet_activation_stream.h:730 in binary_tanh                       |
| unroll               |                                                          | firmware/nnet_utils/nnet_activation_stream.h:738 in binary_tanh                       |
| pipeline             |                                                          | firmware/nnet_utils/nnet_activation_stream.h:755 in ternary_tanh                      |
| unroll               |                                                          | firmware/nnet_utils/nnet_activation_stream.h:763 in ternary_tanh                      |
| inline               |                                                          | firmware/nnet_utils/nnet_dense.h:39 in dense                                          |
| unroll               |                                                          | firmware/nnet_utils/nnet_dense_compressed.h:15 in fill_mult                           |
| array_partition      | variable=acc complete                                    | firmware/nnet_utils/nnet_dense_compressed.h:29 in dense_compressed, acc               |
| array_partition      | variable=biases complete                                 | firmware/nnet_utils/nnet_dense_compressed.h:30 in dense_compressed, biases            |
| array_reshape        | variable=weights block factor=multiplier_limit           | firmware/nnet_utils/nnet_dense_compressed.h:31 in dense_compressed, weights           |
| aggregate            | variable=weights                                         | firmware/nnet_utils/nnet_dense_compressed.h:34 in dense_compressed, weights           |
| unroll               |                                                          | firmware/nnet_utils/nnet_dense_compressed.h:41 in dense_compressed                    |
| pipeline             | II=1 rewind                                              | firmware/nnet_utils/nnet_dense_compressed.h:49 in dense_compressed                    |
| array_partition      | variable=mult complete                                   | firmware/nnet_utils/nnet_dense_compressed.h:52 in dense_compressed, mult              |
| unroll               |                                                          | firmware/nnet_utils/nnet_dense_compressed.h:56 in dense_compressed                    |
| unroll               |                                                          | firmware/nnet_utils/nnet_dense_compressed.h:62 in dense_compressed                    |
| unroll               |                                                          | firmware/nnet_utils/nnet_dense_compressed.h:82 in dense_compressed                    |
| function_instantiate | variable=weights,biases                                  | firmware/nnet_utils/nnet_dense_latency.h:21 in dense_latency, weights,biases          |
| pipeline             | II=CONFIG_T::reuse_factor                                | firmware/nnet_utils/nnet_dense_latency.h:26 in dense_latency                          |
| array_partition      | variable=biases complete                                 | firmware/nnet_utils/nnet_dense_latency.h:29 in dense_latency, biases                  |
| array_partition      | variable=mult complete                                   | firmware/nnet_utils/nnet_dense_latency.h:30 in dense_latency, mult                    |
| array_partition      | variable=acc complete                                    | firmware/nnet_utils/nnet_dense_latency.h:31 in dense_latency, acc                     |
| allocation           | operation instances=mul limit=CONFIG_T::multiplier_limit | firmware/nnet_utils/nnet_dense_latency.h:33 in dense_latency                          |
| array_partition      | variable=biases complete                                 | firmware/nnet_utils/nnet_dense_resource.h:30 in dense_resource_rf_leq_nin, biases     |
| array_partition      | variable=acc complete                                    | firmware/nnet_utils/nnet_dense_resource.h:33 in dense_resource_rf_leq_nin, acc        |
| unroll               |                                                          | firmware/nnet_utils/nnet_dense_resource.h:37 in dense_resource_rf_leq_nin             |
| pipeline             | II=1 rewind                                              | firmware/nnet_utils/nnet_dense_resource.h:43 in dense_resource_rf_leq_nin             |
| unroll               |                                                          | firmware/nnet_utils/nnet_dense_resource.h:51 in dense_resource_rf_leq_nin             |
| unroll               |                                                          | firmware/nnet_utils/nnet_dense_resource.h:75 in dense_resource_rf_leq_nin             |
| array_partition      | variable=biases complete                                 | firmware/nnet_utils/nnet_dense_resource.h:98 in dense_resource_rf_gt_nin_rem0, biases |
| array_partition      | variable=acc complete                                    | firmware/nnet_utils/nnet_dense_resource.h:101 in dense_resource_rf_gt_nin_rem0, acc   |
| unroll               |                                                          | firmware/nnet_utils/nnet_dense_resource.h:105 in dense_resource_rf_gt_nin_rem0        |
| pipeline             | II=1 rewind                                              | firmware/nnet_utils/nnet_dense_resource.h:125 in dense_resource_rf_gt_nin_rem0        |
| unroll               |                                                          | firmware/nnet_utils/nnet_dense_resource.h:131 in dense_resource_rf_gt_nin_rem0        |
| unroll               |                                                          | firmware/nnet_utils/nnet_dense_resource.h:150 in dense_resource_rf_gt_nin_rem0        |
| array_partition      | variable=biases complete                                 | firmware/nnet_utils/nnet_dense_resource.h:172 in dense_resource_rf_gt_nin, biases     |
| array_partition      | variable=acc complete                                    | firmware/nnet_utils/nnet_dense_resource.h:175 in dense_resource_rf_gt_nin, acc        |
| unroll               |                                                          | firmware/nnet_utils/nnet_dense_resource.h:179 in dense_resource_rf_gt_nin             |
| pipeline             | II=1 rewind                                              | firmware/nnet_utils/nnet_dense_resource.h:185 in dense_resource_rf_gt_nin             |
| array_partition      | variable=tmpmult complete                                | firmware/nnet_utils/nnet_dense_resource.h:187 in dense_resource_rf_gt_nin, tmpmult    |
| unroll               |                                                          | firmware/nnet_utils/nnet_dense_resource.h:191 in dense_resource_rf_gt_nin             |
| array_partition      | variable=mult complete                                   | firmware/nnet_utils/nnet_dense_resource.h:199 in dense_resource_rf_gt_nin, mult       |
| unroll               |                                                          | firmware/nnet_utils/nnet_dense_resource.h:203 in dense_resource_rf_gt_nin             |
| unroll               |                                                          | firmware/nnet_utils/nnet_dense_resource.h:209 in dense_resource_rf_gt_nin             |
| unroll               |                                                          | firmware/nnet_utils/nnet_dense_resource.h:219 in dense_resource_rf_gt_nin             |
| unroll               |                                                          | firmware/nnet_utils/nnet_dense_resource.h:227 in dense_resource_rf_gt_nin             |
| inline               | recursive                                                | firmware/nnet_utils/nnet_dense_resource.h:237 in dense_resource                       |
| pipeline             | II=CONFIG_T::reuse_factor                                | firmware/nnet_utils/nnet_dense_stream.h:16 in dense_latency_wrapper                   |
| inline               |                                                          | firmware/nnet_utils/nnet_dense_stream.h:29 in data_prepare                            |
| pipeline             |                                                          | firmware/nnet_utils/nnet_dense_stream.h:34 in data_prepare                            |
| unroll               |                                                          | firmware/nnet_utils/nnet_dense_stream.h:38 in data_prepare                            |
| unroll               |                                                          | firmware/nnet_utils/nnet_dense_stream.h:46 in data_prepare                            |
| inline               |                                                          | firmware/nnet_utils/nnet_dense_stream.h:54 in res_write                               |
| pipeline             |                                                          | firmware/nnet_utils/nnet_dense_stream.h:59 in res_write                               |
| unroll               |                                                          | firmware/nnet_utils/nnet_dense_stream.h:64 in res_write                               |
| unroll               |                                                          | firmware/nnet_utils/nnet_dense_stream.h:74 in res_write                               |
| inline               | recursive                                                | firmware/nnet_utils/nnet_dense_stream.h:85 in dense                                   |
| array_partition      | variable=data complete                                   | firmware/nnet_utils/nnet_dense_stream.h:88 in dense, data                             |
| array_partition      | variable=res complete                                    | firmware/nnet_utils/nnet_dense_stream.h:91 in dense, res                              |
| inline               |                                                          | firmware/nnet_utils/nnet_mult.h:25 in product                                         |
| inline               |                                                          | firmware/nnet_utils/nnet_mult.h:34 in product                                         |
| inline               |                                                          | firmware/nnet_utils/nnet_mult.h:46 in product                                         |
| inline               |                                                          | firmware/nnet_utils/nnet_mult.h:58 in product                                         |
| inline               |                                                          | firmware/nnet_utils/nnet_mult.h:72 in product                                         |
| inline               |                                                          | firmware/nnet_utils/nnet_mult.h:86 in product                                         |
| pipeline             |                                                          | firmware/nnet_utils/nnet_stream.h:23 in clone_stream                                  |
| unroll               |                                                          | firmware/nnet_utils/nnet_stream.h:33 in clone_stream                                  |
| pipeline             |                                                          | firmware/nnet_utils/nnet_stream.h:47 in clone_stream                                  |
| unroll               |                                                          | firmware/nnet_utils/nnet_stream.h:59 in clone_stream                                  |
| pipeline             |                                                          | firmware/nnet_utils/nnet_stream.h:74 in repack_stream                                 |
| unroll               |                                                          | firmware/nnet_utils/nnet_stream.h:81 in repack_stream                                 |
| pipeline             |                                                          | firmware/nnet_utils/nnet_stream.h:91 in repack_stream                                 |
| pipeline             |                                                          | firmware/nnet_utils/nnet_stream.h:99 in repack_stream                                 |
| unroll               |                                                          | firmware/nnet_utils/nnet_stream.h:103 in repack_stream                                |
| pipeline             |                                                          | firmware/nnet_utils/nnet_stream.h:114 in repack_stream                                |
| unroll               |                                                          | firmware/nnet_utils/nnet_stream.h:118 in repack_stream                                |
| pipeline             |                                                          | firmware/nnet_utils/nnet_stream.h:139 in broadcast_stream_1x1xc                       |
| pipeline             |                                                          | firmware/nnet_utils/nnet_stream.h:142 in broadcast_stream_1x1xc                       |
| unroll               |                                                          | firmware/nnet_utils/nnet_stream.h:146 in broadcast_stream_1x1xc                       |
| pipeline             |                                                          | firmware/nnet_utils/nnet_stream.h:160 in broadcast_stream_hxwx1                       |
| unroll               |                                                          | firmware/nnet_utils/nnet_stream.h:165 in broadcast_stream_hxwx1                       |
| array_partition      | variable=data_array complete                             | firmware/nnet_utils/nnet_stream.h:185 in transpose_2d, data_array                     |
| pipeline             |                                                          | firmware/nnet_utils/nnet_stream.h:188 in transpose_2d                                 |
| pipeline             |                                                          | firmware/nnet_utils/nnet_stream.h:196 in transpose_2d                                 |
| unroll               |                                                          | firmware/nnet_utils/nnet_types.h:28 in operator=                                      |
+----------------------+----------------------------------------------------------+---------------------------------------------------------------------------------------+


