

================================================================
== Vitis HLS Report for 'relu_ap_fixed_16_6_5_3_0_ap_fixed_16_6_5_3_0_relu_config9_s'
================================================================
* Date:           Thu Jun 22 09:34:22 2023

* Version:        2023.1 (Build 3854077 on May  4 2023)
* Project:        myproject_prj
* Solution:       solution1 (Vivado IP Flow Target)
* Product family: virtexuplus
* Target device:  xcu250-figd2104-2L-e


================================================================
== Performance Estimates
================================================================
+ Timing: 
    * Summary: 
    +--------+---------+----------+------------+
    |  Clock |  Target | Estimated| Uncertainty|
    +--------+---------+----------+------------+
    |ap_clk  |  5.00 ns|  1.078 ns|     0.62 ns|
    +--------+---------+----------+------------+

+ Latency: 
    * Summary: 
    +---------+---------+----------+----------+-----+-----+---------+
    |  Latency (cycles) |  Latency (absolute) |  Interval | Pipeline|
    |   min   |   max   |    min   |    max   | min | max |   Type  |
    +---------+---------+----------+----------+-----+-----+---------+
    |        0|        0|      0 ns|      0 ns|    1|    1|      yes|
    +---------+---------+----------+----------+-----+-----+---------+

    + Detail: 
        * Instance: 
        N/A

        * Loop: 
        N/A



================================================================
== Utilization Estimates
================================================================
* Summary: 
+---------------------+---------+-------+---------+---------+------+
|         Name        | BRAM_18K|  DSP  |    FF   |   LUT   | URAM |
+---------------------+---------+-------+---------+---------+------+
|DSP                  |        -|      -|        -|        -|     -|
|Expression           |        -|      -|        0|      266|     -|
|FIFO                 |        -|      -|        -|        -|     -|
|Instance             |        -|      -|        -|        -|     -|
|Memory               |        -|      -|        -|        -|     -|
|Multiplexer          |        -|      -|        -|        -|     -|
|Register             |        -|      -|        -|        -|     -|
+---------------------+---------+-------+---------+---------+------+
|Total                |        0|      0|        0|      266|     0|
+---------------------+---------+-------+---------+---------+------+
|Available SLR        |     1344|   3072|   864000|   432000|   320|
+---------------------+---------+-------+---------+---------+------+
|Utilization SLR (%)  |        0|      0|        0|       ~0|     0|
+---------------------+---------+-------+---------+---------+------+
|Available            |     5376|  12288|  3456000|  1728000|  1280|
+---------------------+---------+-------+---------+---------+------+
|Utilization (%)      |        0|      0|        0|       ~0|     0|
+---------------------+---------+-------+---------+---------+------+

+ Detail: 
    * Instance: 
    N/A

    * DSP: 
    N/A

    * Memory: 
    N/A

    * FIFO: 
    N/A

    * Expression: 
    +-----------------------+----------+----+---+----+------------+------------+
    |     Variable Name     | Operation| DSP| FF| LUT| Bitwidth P0| Bitwidth P1|
    +-----------------------+----------+----+---+----+------------+------------+
    |icmp_ln45_1_fu_118_p2  |      icmp|   0|  0|  23|          16|           1|
    |icmp_ln45_2_fu_136_p2  |      icmp|   0|  0|  23|          16|           1|
    |icmp_ln45_3_fu_154_p2  |      icmp|   0|  0|  23|          16|           1|
    |icmp_ln45_4_fu_172_p2  |      icmp|   0|  0|  23|          16|           1|
    |icmp_ln45_5_fu_190_p2  |      icmp|   0|  0|  23|          16|           1|
    |icmp_ln45_6_fu_208_p2  |      icmp|   0|  0|  23|          16|           1|
    |icmp_ln45_fu_100_p2    |      icmp|   0|  0|  23|          16|           1|
    |datareg_1_fu_124_p3    |    select|   0|  0|  15|           1|          15|
    |datareg_2_fu_142_p3    |    select|   0|  0|  15|           1|          15|
    |datareg_3_fu_160_p3    |    select|   0|  0|  15|           1|          15|
    |datareg_4_fu_178_p3    |    select|   0|  0|  15|           1|          15|
    |datareg_5_fu_196_p3    |    select|   0|  0|  15|           1|          15|
    |datareg_6_fu_214_p3    |    select|   0|  0|  15|           1|          15|
    |datareg_fu_106_p3      |    select|   0|  0|  15|           1|          15|
    +-----------------------+----------+----+---+----+------------+------------+
    |Total                  |          |   0|  0| 266|         119|         112|
    +-----------------------+----------+----+---+----+------------+------------+

    * Multiplexer: 
    N/A

    * Register: 
    N/A



================================================================
== Interface
================================================================
* Summary: 
+-------------+-----+-----+------------+------------------------------------------------------------------------+--------------+
|  RTL Ports  | Dir | Bits|  Protocol  |                              Source Object                             |    C Type    |
+-------------+-----+-----+------------+------------------------------------------------------------------------+--------------+
|ap_ready     |  out|    1|  ap_ctrl_hs|  relu<ap_fixed<16, 6, 5, 3, 0>, ap_fixed<16, 6, 5, 3, 0>, relu_config9>|  return value|
|ap_return_0  |  out|   16|  ap_ctrl_hs|  relu<ap_fixed<16, 6, 5, 3, 0>, ap_fixed<16, 6, 5, 3, 0>, relu_config9>|  return value|
|ap_return_1  |  out|   16|  ap_ctrl_hs|  relu<ap_fixed<16, 6, 5, 3, 0>, ap_fixed<16, 6, 5, 3, 0>, relu_config9>|  return value|
|ap_return_2  |  out|   16|  ap_ctrl_hs|  relu<ap_fixed<16, 6, 5, 3, 0>, ap_fixed<16, 6, 5, 3, 0>, relu_config9>|  return value|
|ap_return_3  |  out|   16|  ap_ctrl_hs|  relu<ap_fixed<16, 6, 5, 3, 0>, ap_fixed<16, 6, 5, 3, 0>, relu_config9>|  return value|
|ap_return_4  |  out|   16|  ap_ctrl_hs|  relu<ap_fixed<16, 6, 5, 3, 0>, ap_fixed<16, 6, 5, 3, 0>, relu_config9>|  return value|
|ap_return_5  |  out|   16|  ap_ctrl_hs|  relu<ap_fixed<16, 6, 5, 3, 0>, ap_fixed<16, 6, 5, 3, 0>, relu_config9>|  return value|
|ap_return_6  |  out|   16|  ap_ctrl_hs|  relu<ap_fixed<16, 6, 5, 3, 0>, ap_fixed<16, 6, 5, 3, 0>, relu_config9>|  return value|
|data_0_val   |   in|   16|     ap_none|                                                              data_0_val|        scalar|
|data_1_val   |   in|   16|     ap_none|                                                              data_1_val|        scalar|
|data_3_val   |   in|   16|     ap_none|                                                              data_3_val|        scalar|
|data_4_val   |   in|   16|     ap_none|                                                              data_4_val|        scalar|
|data_5_val   |   in|   16|     ap_none|                                                              data_5_val|        scalar|
|data_6_val   |   in|   16|     ap_none|                                                              data_6_val|        scalar|
|data_7_val   |   in|   16|     ap_none|                                                              data_7_val|        scalar|
+-------------+-----+-----+------------+------------------------------------------------------------------------+--------------+

